AREA .  .ABS.
	RADIX HEX
	BASE 0000
	SIZE 0000
	ATTRIB ABS OVR
	GLOBALS
		l__HEAP	0000
		l__BSEG	0000
		l_.  .ABS.	0000
		l__GSFINAL	0000
		l__ISEG	0000
		s_.  .ABS.	0000
		s__HEADER	0000
		l__XSEG	0000
		.init	0000
		l__OVERLAY	0000
		l__LIT	0000
		s__SFR	0000
		l__GSINITTAIL	0001
		l__BSS	0087
		l__HEADER	01EB
		s__CODE	0200
		l__DATA	03B0
		l__HOME	04AF
		l__CODE	099C
		s__HOME	0B9C
		s__BASE	104B
		l__BASE	10EB
		l__GSINIT	1614
		s__LIT	2136
		s__GSINIT	2136
		s__GSINITTAIL	374A
		s__GSFINAL	374B
		.OAM	C000
		s__DATA	C0A0
		s__BSS	C450
		s__HEAP	C4D7
		s__BSEG	C4D7
		s__ISEG	C4D7
		s__XSEG	C4D7
		s__OVERLAY	C4D7
		.STACK	E000
		.refresh_OAM	FF80
		l__SFR	10000
AREA _CODE
	RADIX HEX
	BASE 0200
	SIZE 099C
	ATTRIB REL CON
	GLOBALS
		_main	0200
		_iniciarHardware	02C3
		_cair	02D6
		_pular	032A
		_executarControle	035E
		_retornarAlturaChao	0427
		_putchar	042B
		_setchar	0434
		_gotoxy	043D
		_posx	0448
		_posy	0459
		.adv_gcurs	046A
		.circle	0487
		.horlin	052A
		.verlin	0562
		.circplot	05BE
		.box	063C
		.line	0712
		.xonly	0833
		.yonly	0982
		.plot	09A3
		.wrbyte	09C0
		.getpix	0A42
		.wrtchr	0A77
		_gotogxy	0ADB
		_wrtchr	0AE6
		_getpix	0AFB
		_color	0B07
		_circle	0B16
		_box	0B30
		_line	0B54
		_plot_point	0B6C
		_plot	0B80
AREA _HEADER
	RADIX HEX
	BASE 0000
	SIZE 01EB
	ATTRIB ABS OVR
	GLOBALS
		_exit	01D2
AREA _HOME
	RADIX HEX
	BASE 0B9C
	SIZE 04AF
	ATTRIB REL CON
	GLOBALS
		.set_mode	0B9C
		.remove_VBL	0BAC
		.remove_LCD	0BB2
		.remove_TIM	0BB8
		.remove_SIO	0BBE
		.remove_JOY	0BC4
		.add_VBL	0BCA
		.add_LCD	0BD0
		.add_TIM	0BD6
		.add_SIO	0BDC
		.add_JOY	0BE2
		.remove_int	0BE8
		.add_int	0C08
		.wait_vbl_done	0C24
		_wait_vbl_done	0C24
		_display_off	0C3B
		.display_off	0C3B
		.serial_IO	0C5C
		_mode	0C8B
		_get_mode	0C94
		_enable_interrupts	0C99
		_disable_interrupts	0C9B
		_reset	0C9D
		.reset	0C9D
		_set_interrupts	0CA3
		_remove_VBL	0CAE
		_remove_LCD	0CB9
		_remove_TIM	0CC4
		_remove_SIO	0CCF
		_remove_JOY	0CDA
		_add_VBL	0CE5
		_add_LCD	0CF0
		_add_TIM	0CFB
		_add_SIO	0D06
		_add_JOY	0D11
		_clock	0D1C
		__printTStates	0D25
		banked_call	0D26
		banked_ret	0D3F
		_printf	0D48
		_sprintf	0D77
AREA _BASE
	RADIX HEX
	BASE 104B
	SIZE 10EB
	ATTRIB REL CON
	GLOBALS
		_scroll_bkg	104B
		.mv_sprite	1061
		_move_sprite	1070
		_set_win_data	107D
		_set_bkg_data	107D
		_set_sprite_data	10CA
		.padup	10F9
		_waitpadup	10F9
		.jpad	1109
		.wait_pad	1136
		_joypad	113D
		_waitpad	1142
		.set_sprite_tile	114C
		_set_sprite_tile	1159
		.delay	1164
		_delay	119E
		__modslong	11A7
		__divslong	11A7
		__mulslong	11A7
		__divschar	11A8
		__modschar	11B4
		__divsint	11BF
		__modsint	11D0
		__divuchar	11DF
		__moduchar	11EB
		__divuint	11F6
		__moduint	1207
		.mod8	1216
		.div8	1216
		.mod16	121E
		.div16	121E
		.modu8	1254
		.divu8	1254
		.modu16	1257
		.divu16	1257
		.copy_vram	1294
		_get_data	12A3
		_set_data	12A3
		_set_bkg_tiles	12B6
		font_copy_uncompressed	12CA
		font_copy_compressed	1300
		font_load	1355
		font_copy_current	139D
		font_set	13E5
		.put_char	13F2
		.out_char	140B
		.del_char	1412
		_font_load	146D
		_font_set	147B
		_font_init	148A
		_cls	14AC
		.cls	14AC
		.cr_curs	14DE
		.adv_curs	14F3
		.tmode	154F
		.tmode_out	1578
		_font_load_ibm_fixed	1588
		_font_ibm_fixed	158F
		_font_ibm_fixed_tiles	1691
		.gmode	1E91
		.vbl	1EF3
		.lcd	1EFE
		.draw_image	1F0B
		.switch_data	1F15
		_switch_data	1F4C
		_draw_image	1F67
		.y_table	1F7A
		.set_xy_wtt	209A
		.set_xy_btt	20AB
		.set_xy_tt	20BA
		_set_tiles	20EB
		.init_vram	2104
		.init_wtt	2112
		.init_btt	2122
		.init_tt	2130
AREA _LIT
	RADIX HEX
	BASE 2136
	SIZE 0000
	ATTRIB REL CON
AREA _GSINIT
	RADIX HEX
	BASE 2136
	SIZE 1614
	ATTRIB REL CON
	GLOBALS
		gsinit	2136
AREA _GSINITTAIL
	RADIX HEX
	BASE 374A
	SIZE 0001
	ATTRIB REL CON
AREA _GSFINAL
	RADIX HEX
	BASE 374B
	SIZE 0000
	ATTRIB REL CON
AREA _DATA
	RADIX HEX
	BASE C0A0
	SIZE 03B0
	ATTRIB REL CON
	GLOBALS
		_carinha	C0A0
		_background	C0C0
		_background_sprite	C3EA
		_pulando	C44A
		_posicaoXPlayer	C44C
		_posicaoYPlayer	C44E
AREA _BSS
	RADIX HEX
	BASE C450
	SIZE 0087
	ATTRIB REL CON
	GLOBALS
		__cpu	C450
		.mode	C451
		__io_out	C452
		__io_in	C453
		__io_status	C454
		.vbl_done	C455
		__current_bank	C456
		_sys_time	C457
		.sys_time	C457
		.int_0x40	C459
		.int_0x48	C469
		.int_0x50	C479
		.int_0x58	C489
		.int_0x60	C499
		font_current	C4AC
		font_first_free_tile	C4AF
		font_table	C4B0
		.curx	C4C2
		.cury	C4C3
		.fg_colour	C4C4
		.bg_colour	C4C5
AREA _HEAP
	RADIX HEX
	BASE C4D7
	SIZE 0000
	ATTRIB REL CON
	GLOBALS
		_malloc_heap_start	C4D7
AREA _OVERLAY
	RADIX HEX
	BASE C4D7
	SIZE 0000
	ATTRIB REL CON
AREA _ISEG
	RADIX HEX
	BASE C4D7
	SIZE 0000
	ATTRIB REL CON
AREA _BSEG
	RADIX HEX
	BASE C4D7
	SIZE 0000
	ATTRIB REL CON
AREA _XSEG
	RADIX HEX
	BASE C4D7
	SIZE 0000
	ATTRIB REL CON
AREA _SFR
	RADIX HEX
	BASE 0000
	SIZE 10000
	ATTRIB ABS OVR
	GLOBALS
		_P1_REG	FF00
		_SB_REG	FF01
		_SC_REG	FF02
		_DIV_REG	FF04
		_TIMA_REG	FF05
		_TMA_REG	FF06
		_TAC_REG	FF07
		_IF_REG	FF0F
		_NR10_REG	FF10
		_NR11_REG	FF11
		_NR12_REG	FF12
		_NR13_REG	FF13
		_NR14_REG	FF14
		_NR21_REG	FF16
		_NR22_REG	FF17
		_NR23_REG	FF18
		_NR24_REG	FF19
		_NR30_REG	FF1A
		_NR31_REG	FF1B
		_NR32_REG	FF1C
		_NR33_REG	FF1D
		_NR34_REG	FF1E
		_NR41_REG	FF20
		_NR42_REG	FF21
		_NR43_REG	FF22
		_NR44_REG	FF23
		_NR50_REG	FF24
		_NR51_REG	FF25
		_NR52_REG	FF26
		_LCDC_REG	FF40
		_STAT_REG	FF41
		_SCY_REG	FF42
		_SCX_REG	FF43
		_LY_REG	FF44
		_LYC_REG	FF45
		_DMA_REG	FF46
		_BGP_REG	FF47
		_OBP0_REG	FF48
		_OBP1_REG	FF49
		_WY_REG	FF4A
		_WX_REG	FF4B
		_KEY1_REG	FF4D
		_VBK_REG	FF4F
		_HDMA1_REG	FF51
		_HDMA2_REG	FF52
		_HDMA3_REG	FF53
		_HDMA4_REG	FF54
		_HDMA5_REG	FF55
		_RP_REG	FF56
		_BCPS_REG	FF68
		_BCPD_REG	FF69
		_OCPS_REG	FF6A
		_OCPD_REG	FF6B
		_SVBK_REG	FF70
		_IE_REG	FFFF
MODULES
	FILE C:\gbdk\lib/small/asxxxx/gb/crt0.o
		NAME Runtime
	FILE main.o
		NAME lcc13280
LIBRARIES
	LIBRARY C:\gbdk\lib/small/asxxxx/gb/gb.lib
		MODULE sfr.o
	LIBRARY C:\gbdk\lib/small/asxxxx/gb/gb.lib
		MODULE scroll_b.o
	LIBRARY C:\gbdk\lib/small/asxxxx/gb/gb.lib
		MODULE mv_spr.o
	LIBRARY C:\gbdk\lib/small/asxxxx/gb/gb.lib
		MODULE set_data.o
	LIBRARY C:\gbdk\lib/small/asxxxx/gb/gb.lib
		MODULE pad.o
	LIBRARY C:\gbdk\lib/small/asxxxx/gb/gb.lib
		MODULE set_spr.o
	LIBRARY C:\gbdk\lib/small/asxxxx/gb/gb.lib
		MODULE delay.o
	LIBRARY C:\gbdk\lib/small/asxxxx/gbz80/gbz80.lib
		MODULE printf.o
	LIBRARY C:\gbdk\lib/small/asxxxx/gbz80/gbz80.lib
		MODULE div.o
	LIBRARY C:\gbdk\lib/small/asxxxx/gb/gb.lib
		MODULE cpy_data.o
	LIBRARY C:\gbdk\lib/small/asxxxx/gb/gb.lib
		MODULE set_bk_t.o
	LIBRARY C:\gbdk\lib/small/asxxxx/gb/gb.lib
		MODULE font.o
	LIBRARY C:\gbdk\lib/small/asxxxx/gb/gb.lib
		MODULE ibmfixed.o
	LIBRARY C:\gbdk\lib/small/asxxxx/gb/gb.lib
		MODULE drawing.o
	LIBRARY C:\gbdk\lib/small/asxxxx/gb/gb.lib
		MODULE set_xy_t.o
	LIBRARY C:\gbdk\lib/small/asxxxx/gb/gb.lib
		MODULE init_tt.o
USERBASEDEF
	_CODE=0x0200
	_DATA=0xC0A0
	_CODE_1=0x4000
USERGLOBALDEF
	.OAM=0xC000
	.STACK=0xE000
	.refresh_OAM=0xFF80
	.init=0x0000
